(ID "s")
(PUNCT "=")
(LIT "a¬\\u1234\\u0061\\U00008000")
(NEWLINE)
(ENDMARKER)
