(PUNCT "+")
(PUNCT "-")
(PUNCT "*")
(PUNCT "**")
(PUNCT "/")
(PUNCT "//")
(PUNCT "%")
(PUNCT "<<")
(PUNCT ">>")
(PUNCT "&")
(PUNCT "|")
(PUNCT "^")
(PUNCT "~")
(PUNCT "<")
(PUNCT ">")
(PUNCT "<=")
(PUNCT ">=")
(PUNCT "==")
(PUNCT "!=")
(NEWLINE)
(ENDMARKER)
