(KEYWORD True)
(KEYWORD def)
(KEYWORD from)
(KEYWORD nonlocal)
(KEYWORD while)
(NEWLINE)
(ENDMARKER)
