(KEYWORD as)
(KEYWORD elif)
(KEYWORD if)
(KEYWORD or)
(KEYWORD yield)
(NEWLINE)
(ENDMARKER)
