(KEYWORD False)
(KEYWORD class)
(KEYWORD finally)
(KEYWORD is)
(KEYWORD return)
(NEWLINE)
(ENDMARKER)
