(program
 (define c (void))
 (define b (void))
 (define a (void))
 (set-global! a 1)
 (set-global! b 2)
 (set-global! c 3)
 (py-print (bitwise-and (get-global a) (get-global b) (get-global c))))
