(program
 (define x (void))
 (define z (void))
 (define y (void))
 (set-global! x 10)
 (set-global! y 20)
 (set-global! z 30)
 (py-print (bitwise-or (get-global x) (get-global y) (get-global z))))
