(program
 (define f (void))
 (set-global! f (lambda (x) x))
 (py-print ((get-global f) 200)))
