(program (try (let () (py-print 10)) (lambda (ex) (let () (py-print 15)))))
