(program
 (define k (void))
 (define m (void))
 (define x (void))
 (define i (void))
 (define j (void))
 (set-global!
  x
  (py-list* (py-list* 1) (py-list* 2) (py-list* 3) (py-list* 4 5 6)))
 (for-each
  i16
  (get-global x)
  (begin
    (set-global! i i16)
    (let ()
      (for-each
       i17
       (get-global i)
       (begin (set-global! j i17) (let () (py-print (get-global j))))))))
 (set-global! i 0)
 (for-each
  i18
  (get-global x)
  (begin
    (set-global! k i18)
    (let ()
      (set-global! j 0)
      (for-each
       i19
       (get-global k)
       (begin
         (set-global! m i19)
         (let ()
           (py-print
            (let ((e23
                   (let ((e21 (get-global x)))
                     (let ((i20 (get-global i)))
                       (cond
                        ((py-list? e21) (py-list-ref e21 i20))
                        ((tuple? e21) (tuple-ref e21 i20))
                        ((dict? e21) (dict-ref e21 i20))
                        (else (error "cannot index object")))))))
              (let ((i22 (get-global j)))
                (cond
                 ((py-list? e23) (py-list-ref e23 i22))
                 ((tuple? e23) (tuple-ref e23 i22))
                 ((dict? e23) (dict-ref e23 i22))
                 (else (error "cannot index object"))))))
           (set-global! j (+ (get-global j) 1)))))
      (set-global! i (+ (get-global i) 1))))))
