(program
 (define d (void))
 (define c (void))
 (define b (void))
 (define a (void))
 (let ((t16 (tuple 1 2 3 4)))
   (set-global!
    a
    (let ((e23 t16))
      (let ((i19 0))
        (cond
         ((py-list? e23) (py-list-ref e23 i19))
         ((tuple? e23) (tuple-ref e23 i19))
         ((dict? e23) (dict-ref e23 i19))
         (else (error "cannot index object"))))))
   (set-global!
    b
    (let ((e24 t16))
      (let ((i20 1))
        (cond
         ((py-list? e24) (py-list-ref e24 i20))
         ((tuple? e24) (tuple-ref e24 i20))
         ((dict? e24) (dict-ref e24 i20))
         (else (error "cannot index object"))))))
   (set-global!
    c
    (let ((e25 t16))
      (let ((i21 2))
        (cond
         ((py-list? e25) (py-list-ref e25 i21))
         ((tuple? e25) (tuple-ref e25 i21))
         ((dict? e25) (dict-ref e25 i21))
         (else (error "cannot index object"))))))
   (set-global!
    d
    (let ((e26 t16))
      (let ((i22 3))
        (cond
         ((py-list? e26) (py-list-ref e26 i22))
         ((tuple? e26) (tuple-ref e26 i22))
         ((dict? e26) (dict-ref e26 i22))
         (else (error "cannot index object")))))))
 (py-print (get-global a)))
