(program
 (define d (void))
 (define b (void))
 (define c (void))
 (define a (void))
 (let ((t16 (tuple 1 2 3 4)))
   (set-global!
    a
    (let ((e18 t16))
      (let ((i17 0))
        (cond
         ((py-list? e18) (py-list-ref e18 i17))
         ((tuple? e18) (tuple-ref e18 i17))
         ((dict? e18) (dict-ref e18 i17))
         (else (error "cannot index object"))))))
   (set-global!
    b
    (let ((e20 t16))
      (let ((i19 1))
        (cond
         ((py-list? e20) (py-list-ref e20 i19))
         ((tuple? e20) (tuple-ref e20 i19))
         ((dict? e20) (dict-ref e20 i19))
         (else (error "cannot index object"))))))
   (set-global!
    c
    (let ((e22 t16))
      (let ((i21 2))
        (cond
         ((py-list? e22) (py-list-ref e22 i21))
         ((tuple? e22) (tuple-ref e22 i21))
         ((dict? e22) (dict-ref e22 i21))
         (else (error "cannot index object"))))))
   (set-global!
    d
    (let ((e24 t16))
      (let ((i23 3))
        (cond
         ((py-list? e24) (py-list-ref e24 i23))
         ((tuple? e24) (tuple-ref e24 i23))
         ((dict? e24) (dict-ref e24 i23))
         (else (error "cannot index object")))))))
 (py-print (get-global a)))
