(program
 (define a (void))
 (set-global! a (py-list* (py-list* 1 2) (py-list* 2 3)))
 (let ((b19
        (let ((e17 (get-global a)))
          (let ((i16 0))
            (cond
             ((py-list? e17) (py-list-ref e17 i16))
             ((tuple? e17) (tuple-ref e17 i16))
             ((dict? e17) (dict-ref e17 i16))
             (else (error "cannot index object")))))))
   (let ((i18 1))
     (cond
      ((tuple? b19) (tuple-set! b19 i18 2))
      ((py-list? b19) (py-list-set! b19 i18 2))
      ((dict? b19) (dict-set! b19 i18 2)))))
 (py-print
  (let ((e23
         (let ((e21 (get-global a)))
           (let ((i20 0))
             (cond
              ((py-list? e21) (py-list-ref e21 i20))
              ((tuple? e21) (tuple-ref e21 i20))
              ((dict? e21) (dict-ref e21 i20))
              (else (error "cannot index object")))))))
    (let ((i22 1))
      (cond
       ((py-list? e23) (py-list-ref e23 i22))
       ((tuple? e23) (tuple-ref e23 i22))
       ((dict? e23) (dict-ref e23 i22))
       (else (error "cannot index object")))))))
