(ID "array")
(PUNCT "=")
(PUNCT "[")
(LIT "implied")
(PUNCT ",")
(LIT "line")
(PUNCT ",")
(LIT "continuation")
(PUNCT "]")
(NEWLINE)
(ENDMARKER)
