(INDENT)
(LIT "\n        get extreme values.\n\n        x1, y1, x2, y2 in image coordinates (0-based)\n        nx, ny : number of divisions in each axis\n        ")
(NEWLINE)
(DEDENT)
(ENDMARKER)
