(INDENT)
(LIT "str")
(NEWLINE)
(DEDENT)
(ENDMARKER)
